C:\Users\admin\Desktop\KVBO-01-21\Group_2\Prog_3\Logical\Global.typ
C:\Users\admin\Desktop\KVBO-01-21\Group_2\Prog_3\Logical\Global.var
C:\Users\admin\Desktop\KVBO-01-21\Group_2\Prog_3\Logical\Libraries\operator\operator.fun
C:\Users\admin\Desktop\KVBO-01-21\Group_2\Prog_3\Logical\Libraries\operator\operator.typ
C:\Users\admin\Desktop\KVBO-01-21\Group_2\Prog_3\Logical\Libraries\operator\operator.var
C:\Users\admin\Desktop\KVBO-01-21\Group_2\Prog_3\Logical\Libraries\runtime\runtime.fun
C:\Users\admin\Desktop\KVBO-01-21\Group_2\Prog_3\Logical\Libraries\runtime\runtime.typ
C:\Users\admin\Desktop\KVBO-01-21\Group_2\Prog_3\Logical\Libraries\runtime\runtime.var
C:\Users\admin\Desktop\KVBO-01-21\Group_2\Prog_3\Logical\Libraries\astime\astime.fun
C:\Users\admin\Desktop\KVBO-01-21\Group_2\Prog_3\Logical\Libraries\astime\astime.typ
C:\Users\admin\Desktop\KVBO-01-21\Group_2\Prog_3\Logical\Libraries\astime\astime.var
C:\Users\admin\Desktop\KVBO-01-21\Group_2\Prog_3\Logical\Libraries\AsIecCon\AsIecCon.fun
C:\Users\admin\Desktop\KVBO-01-21\Group_2\Prog_3\Logical\Libraries\AsIecCon\AsIecCon.typ
C:\Users\admin\Desktop\KVBO-01-21\Group_2\Prog_3\Logical\Libraries\AsIecCon\AsIecCon.var
C:\Users\admin\Desktop\KVBO-01-21\Group_2\Prog_3\Logical\Libraries\McBase\McBase.typ
C:\Users\admin\Desktop\KVBO-01-21\Group_2\Prog_3\Logical\Libraries\McBase\McBase.fun
C:\Users\admin\Desktop\KVBO-01-21\Group_2\Prog_3\Logical\Libraries\McBase\McBase.var
C:\Users\admin\Desktop\KVBO-01-21\Group_2\Prog_3\Logical\Libraries\MpAxis\MpAxis.typ
C:\Users\admin\Desktop\KVBO-01-21\Group_2\Prog_3\Logical\Libraries\MpAxis\MpAxisError.typ
C:\Users\admin\Desktop\KVBO-01-21\Group_2\Prog_3\Logical\Libraries\MpAxis\MpAxis.fun
C:\Users\admin\Desktop\KVBO-01-21\Group_2\Prog_3\Logical\Libraries\McAxis\McAxis.typ
C:\Users\admin\Desktop\KVBO-01-21\Group_2\Prog_3\Logical\Libraries\McAxis\McAxis.fun
C:\Users\admin\Desktop\KVBO-01-21\Group_2\Prog_3\Logical\Libraries\McAxis\McAxis.var
C:\Users\admin\Desktop\KVBO-01-21\Group_2\Prog_3\Logical\Libraries\MpBase\MpBase.typ
C:\Users\admin\Desktop\KVBO-01-21\Group_2\Prog_3\Logical\Libraries\MpBase\MpBase.var
C:\Users\admin\Desktop\KVBO-01-21\Group_2\Prog_3\Logical\Libraries\MpBase\MpBase.fun
C:\Users\admin\Desktop\KVBO-01-21\Group_2\Prog_3\Logical\Libraries\McAcpAx\McAcpAx.typ
C:\Users\admin\Desktop\KVBO-01-21\Group_2\Prog_3\Logical\Libraries\McAcpAx\McAcpAx.fun
C:\Users\admin\Desktop\KVBO-01-21\Group_2\Prog_3\Logical\Libraries\McAcpAx\McAcpAx.var
C:\Users\admin\Desktop\KVBO-01-21\Group_2\Prog_3\Logical\Library\Types.typ
C:\Users\admin\Desktop\KVBO-01-21\Group_2\Prog_3\Logical\Library\Constants.var
C:\Users\admin\Desktop\KVBO-01-21\Group_2\Prog_3\Logical\Library\Library.fun
