D:\Documents\Projects\automation-studio-uni\Prog_1\Logical\Global.typ
D:\Documents\Projects\automation-studio-uni\Prog_1\Logical\Global.var
D:\Documents\Projects\automation-studio-uni\Prog_1\Logical\Libraries\operator\operator.fun
D:\Documents\Projects\automation-studio-uni\Prog_1\Logical\Libraries\operator\operator.typ
D:\Documents\Projects\automation-studio-uni\Prog_1\Logical\Libraries\operator\operator.var
D:\Documents\Projects\automation-studio-uni\Prog_1\Logical\Libraries\runtime\runtime.fun
D:\Documents\Projects\automation-studio-uni\Prog_1\Logical\Libraries\runtime\runtime.typ
D:\Documents\Projects\automation-studio-uni\Prog_1\Logical\Libraries\runtime\runtime.var
D:\Documents\Projects\automation-studio-uni\Prog_1\Logical\Libraries\astime\astime.fun
D:\Documents\Projects\automation-studio-uni\Prog_1\Logical\Libraries\astime\astime.typ
D:\Documents\Projects\automation-studio-uni\Prog_1\Logical\Libraries\astime\astime.var
D:\Documents\Projects\automation-studio-uni\Prog_1\Logical\Libraries\AsIecCon\AsIecCon.fun
D:\Documents\Projects\automation-studio-uni\Prog_1\Logical\Libraries\AsIecCon\AsIecCon.typ
D:\Documents\Projects\automation-studio-uni\Prog_1\Logical\Libraries\AsIecCon\AsIecCon.var
D:\Documents\Projects\automation-studio-uni\Prog_1\Logical\Libraries\Acp10man\Acp10man.typ
D:\Documents\Projects\automation-studio-uni\Prog_1\Logical\Libraries\Acp10par\Acp10par.var
D:\Documents\Projects\automation-studio-uni\Prog_1\Logical\Libraries\NcGlobal\NcGlobal.fun
D:\Documents\Projects\automation-studio-uni\Prog_1\Logical\Libraries\NcGlobal\NcGlobal.typ
D:\Documents\Projects\automation-studio-uni\Prog_1\Logical\Libraries\NcGlobal\NcGlobal.var
D:\Documents\Projects\automation-studio-uni\Prog_1\Logical\Libraries\Acp10sdc\acp10sdc.var
D:\Documents\Projects\automation-studio-uni\Prog_1\Logical\Libraries\Acp10sdc\acp10sdc.typ
D:\Documents\Projects\automation-studio-uni\Prog_1\Logical\Libraries\AsBrStr\AsBrStr.fun
D:\Documents\Projects\automation-studio-uni\Prog_1\Logical\Libraries\AsBrStr\AsBrStr.typ
D:\Documents\Projects\automation-studio-uni\Prog_1\Logical\Libraries\AsBrStr\AsBrStr.var
